# 磁盘分区

## 需要用到的命令

- lsblk
- fdisk
- mkfs
- mount
- df

## Linux磁盘分区操作

### 输入命令`lsblk`查看所有块信息。（默认以树状列出）

```
[root@localhost ~]# lsblk
NAME            MAJ:MIN RM  SIZE RO TYPE MOUNTPOINT
fd0               2:0    1    4K  0 disk 
sda               8:0    0  450G  0 disk 
├─sda1            8:1    0    1G  0 part /boot
└─sda2            8:2    0  249G  0 part 
  ├─centos-root 253:0    0  195G  0 lvm  /
  ├─centos-swap 253:1    0    4G  0 lvm  [SWAP]
  └─centos-home 253:2    0   50G  0 lvm  /home
sr0              11:0    1 1024M  0 rom
```

可以看到一个大小为450G的硬盘`sda`，我们将在这个硬盘上创建分区。

### 使用`fdisk /dev/sda`进行分区。

```
[root@localhost ~]# fdisk /dev/sda
欢迎使用 fdisk (util-linux 2.23.2)。

更改将停留在内存中，直到您决定将更改写入磁盘。
使用写入命令前请三思。

Device does not contain a recognized partition table
使用磁盘标识符 0x07a081ab 创建新的 DOS 磁盘标签。

命令(输入 m 获取帮助)：m
命令操作
   a   toggle a bootable flag
   b   edit bsd disklabel
   c   toggle the dos compatibility flag
   d   delete a partition
   g   create a new empty GPT partition table
   G   create an IRIX (SGI) partition table
   l   list known partition types
   m   print this menu
   n   add a new partition
   o   create a new empty DOS partition table
   p   print the partition table
   q   quit without saving changes
   s   create a new empty Sun disklabel
   t   change a partition's system id
   u   change display/entry units
   v   verify the partition table
   w   write table to disk and exit
   x   extra functionality (experts only)

命令(输入 m 获取帮助)：
```

1. 输入`n`新建分区
2. 输入`p`创建基本分区
3. 输入分区编号`3`创建`sda3`分区
4. 回车默认开始扇区（2048）位置，回车结束扇区（419430399）位置。也可根据自己需求设置分区大小。
5. 输入`w`保存并退出。

```
命令(输入 m 获取帮助)：n
Partition type:
   p   primary (0 primary, 0 extended, 4 free)
   e   extended
Select (default p): p
Partition number (3-4, default 1): 3
First sector (2048-419430399, default 2048): 
Using default value 2048
Last sector, +sectors or +size{K,M,G} (2048-419430399, default 419430399): 
Using default value 419430399
Partition 1 of type Linux and of size 200 GiB is set

Command (m for help): w
The partition table has been altered!

Calling ioctl() to re-read partition table.
Syncing disks.
```

​	此时分区已完成。再次输入`lsblk -f`并回车，可以看到`sda`硬盘下多了一个分区，但并未格式化，接下来需要对该分区进行格式化才能存储数据。

```
[root@localhost ~]# lsblk -f
NAME            FSTYPE      LABEL UUID                                   MOUNTPOINT
fd0                                                                      
sda                                                                      
├─sda1          xfs               6b1135dc-7f11-4fef-a4a7-01d70f739c42   /boot
└─sda2          LVM2_member       6BOf20-md6L-lzCl-jDwj-X5UY-m9fC-ULxVFu 
  ├─centos-root xfs               db670731-3537-4271-929f-a6dbd128c7c1   /
  ├─centos-swap swap              57537647-2d23-4646-ad28-3723716cae59   [SWAP]
  └─centos-home xfs               f8c29e46-e722-41cf-b5b9-9f62fe629cd1   /home
└─sda3 
sr0
```

## 格式化Linux硬盘分区

### 使用`mkfs -t ext4 /dev/sda3`格式化硬盘分区，并将`/dev/sda3`分区格式化为ext4类型。

```
[root@localhost ~]# mkfs -t ext4 /dev/sdb3
mke2fs 1.42.9 (28-Dec-2013)
Filesystem label=
OS type: Linux
Block size=4096 (log=2)
Fragment size=4096 (log=2)
Stride=0 blocks, Stripe width=0 blocks
13107200 inodes, 52428544 blocks
2621427 blocks (5.00%) reserved for the super user
First data block=0
Maximum filesystem blocks=4294967296
1600 block groups
32768 blocks per group, 32768 fragments per group
8192 inodes per group
Superblock backups stored on blocks: 
	32768, 98304, 163840, 229376, 294912, 819200, 884736, 1605632, 2654208, 
	4096000, 7962624, 11239424, 20480000, 23887872

Allocating group tables: done                            
Writing inode tables: done                            
Creating journal (32768 blocks): done
Writing superblocks and filesystem accounting information: done   
```

###  输入**“lsblk -f”**并按**回车**，查看/dev/sdb1是否格式化为ext4类型。

```
[root@localhost ~]# lsblk -f
NAME            FSTYPE      LABEL UUID                                   MOUNTPOINT
fd0                                                                      
sda                                                                      
├─sda1          xfs               6b1135dc-7f11-4fef-a4a7-01d70f739c42   /boot
└─sda2          LVM2_member       6BOf20-md6L-lzCl-jDwj-X5UY-m9fC-ULxVFu 
  ├─centos-root xfs               db670731-3537-4271-929f-a6dbd128c7c1   /
  ├─centos-swap swap              57537647-2d23-4646-ad28-3723716cae59   [SWAP]
  └─centos-home xfs               f8c29e46-e722-41cf-b5b9-9f62fe629cd1   /home
└─sda3 iso9660 CentOS 7 x86_64	  wsc29e46-e722-41cf-b5b9-9f62fe629cqw
sr0
```

## 挂载分区

Linux系统使用树状目录的方式来定义分区，这也被称为**挂载点**，将一个分区与一个目录联系起来。linux硬盘分区完成后我们需要挂载分区才能使用。

### 永久挂载分区

#### 输入`blkid /dev/sda3`查看`/dev/sda3`的UUID，复制UUID信息。

```
[root@localhost ~]# blkid /dev/sda3
/dev/sda3: 	UUID="wsc29e46-e722-41cf-b5b9-9f62fe629cqw" TYPE="ext4"
[root@localhost ~]#
```

####  输入命令`vi /etc/fstab`**并按**回车**编辑文件，输入以下内容**`UUID/磁盘路径 挂载点 磁盘类型 defaults 0 0`。

```
UUID="wsc29e46-e722-41cf-b5b9-9f62fe629cqw"		/data	ext4	defaults	0	0
```

#### `mount -a`重新加载`/etc/fstab`（即刻生效）。

#### `lsblk -f`查看结果

```
[root@localhost logs]# lsblk -f
NAME            FSTYPE      LABEL UUID                                   MOUNTPOINT
sda                                                                      
├─sda1          xfs               b0036415-bfdb-4b87-b7da-cbcd1801a9fa   /boot
└─sda2          LVM2_member       p2eGks-8GfL-k89q-tYLG-1L8U-pE3l-OE10KJ 
  ├─centos-root xfs               0631ade3-8548-4285-bcbe-06a0e4d80e87   /
  └─centos-swap swap              829b469b-f518-4913-a65d-e315d653e4d1   [SWAP]
└─sda3 iso9660 CentOS 7 x86_64	  wsc29e46-e722-41cf-b5b9-9f62fe629cqw	 /data
sr0
```

#### `df -TH`查看结果

```
[root@localhost logs]# df -TH
文件系统                类型      容量  已用  可用 已用% 挂载点
devtmpfs                devtmpfs   17G     0   17G    0% /dev
tmpfs                   tmpfs      17G     0   17G    0% /dev/shm
tmpfs                   tmpfs      17G   52M   17G    1% /run
tmpfs                   tmpfs      17G     0   17G    0% /sys/fs/cgroup
/dev/mapper/centos-root xfs       529G   15G  515G    3% /
/dev/sda1               xfs       196M  153M   44M   78% /boot
/dev/sda3				ext4	  200G	200G`   0G	  0% /data
tmpfs                   tmpfs     3.4G     0  3.4G    0% /run/user/0
```

## 命令学习

### lsblk

- 列出块设备信息。

**lsblk命令** 用于列出所有可用块设备的信息，而且还能显示他们之间的依赖关系，但是它不会列出RAM盘的信息。块设备有硬盘，闪存盘，cd-ROM等等。

- 选项

```
[root@localhost logs]# lsblk -h

用法：
 lsblk [选项] [<设备> ...]

选项：
 -a, --all            打印所有设备
 -b, --bytes          以字节为单位而非易读的格式来打印 SIZE
 -d, --nodeps         不打印从属设备(slave)或占位设备(holder)
 -D, --discard        打印时丢弃能力
 -e, --exclude <列表> 根据主设备号排除设备(默认：内存盘)
 -I, --include <列表> 只显示有指定主设备号的设备
 -f, --fs             输出文件系统信息
 -h, --help           使用信息(此信息)
 -i, --ascii          只使用 ascii 字符
 -m, --perms          输出权限信息
 -l, --list           使用列表格式的输出
 -n, --noheadings     不打印标题
 -o, --output <列表>  输出列
 -p, --paths          打印完整设备路径
 -P, --pairs          使用 key=“value” 输出格式
 -r, --raw            使用原生输出格式
 -s, --inverse        反向依赖
 -t, --topology       输出拓扑信息
 -S, --scsi           输出有关 SCSI 设备的信息

 -h, --help     显示此帮助并退出
 -V, --version  输出版本信息并退出

可用列(用于 --output)：
        NAME  设备名
       KNAME  internal kernel device name
     MAJ:MIN  主:次 设备号
      FSTYPE  文件系统类型
  MOUNTPOINT  where the device is mounted
       LABEL  filesystem LABEL
        UUID  filesystem UUID
   PARTLABEL  分区 LABEL
    PARTUUID  分区 UUID
          RA  read-ahead of the device
          RO  只读设备
          RM  removable device
       MODEL  device identifier
      SERIAL  disk serial number
        SIZE  size of the device
       STATE  设备的状态
       OWNER  user name
       GROUP  group name
        MODE  device node permissions
   ALIGNMENT  alignment offset
      MIN-IO  minimum I/O size
      OPT-IO  optimal I/O size
     PHY-SEC  物理扇区大小
     LOG-SEC  逻辑扇区大小
        ROTA  rotational device
       SCHED  I/O scheduler name
     RQ-SIZE  request queue size
        TYPE  device type
    DISC-ALN  discard alignment offset
   DISC-GRAN  discard granularity
    DISC-MAX  discard max bytes
   DISC-ZERO  忽略零数据
       WSAME  write same max bytes
         WWN  unique storage identifier
        RAND  adds randomness
      PKNAME  internal parent kernel device name
        HCTL  Host:Channel:Target:Lun for SCSI
        TRAN  device transport type
         REV  device revision
      VENDOR  device vendor

更多信息请参阅 lsblk(8)。
[root@localhost logs]# 
```

### fdisk

Linux fdisk 是一个创建和维护分区表的程序，它兼容 DOS 类型的分区表、BSD 或者 SUN 类型的磁盘列表。

### mkfs

用于在特定的分区上建立 linux 文件系统。

- 选项：

```
 -t, --type=<类型>  文件系统类型；若不指定，将使用 ext2
```

> linux文件系统类型包括：1、ext2文件系统；2、ext3文件系统；3、ext4文件系统；4、JFS2；5、Xfs。EXT2第二代扩展文件系统，是LINUX内核所用的文件系统。它开始由Rémy Card设计，用以代替ext，于1993年1月加入linux核心支持之中。

一般使用`ext4`类型。

### mount

用于挂载Linux系统外的文件。

```
[root@localhost logs]# mount -h

用法：
 mount [-lhV]
 mount -a [选项]
 mount [选项] [--source] <源> | [--target] <目录>
 mount [选项] <源> <目录>
 mount <操作> <挂载点> [<目标>]

选项：
 -a, --all               挂载 fstab 中的所有文件系统
 -c, --no-canonicalize   不对路径规范化
 -f, --fake              空运行；跳过 mount(2) 系统调用
 -F, --fork              对每个设备禁用 fork(和 -a 选项一起使用)
 -T, --fstab <路径>      /etc/fstab 的替代文件
 -h, --help              显示此帮助并退出
 -i, --internal-only     不调用 mount.<类型> 助手程序
 -l, --show-labels       列出所有带有指定标签的挂载
 -n, --no-mtab           不写 /etc/mtab
 -o, --options <列表>    挂载选项列表，以英文逗号分隔
 -O, --test-opts <列表>  限制文件系统集合(和 -a 选项一起使用)
 -r, --read-only         以只读方式挂载文件系统(同 -o ro)
 -t, --types <列表>      限制文件系统类型集合
     --source <源>       指明源(路径、标签、uuid)
     --target <目标>     指明挂载点
 -v, --verbose           打印当前进行的操作
 -V, --version           显示版本信息并退出
 -w, --rw, --read-write  以读写方式挂载文件系统(默认)

 -h, --help     显示此帮助并退出
 -V, --version  输出版本信息并退出

源：
 -L, --label <标签>      同 LABEL=<label>
 -U, --uuid <uuid>       同 UUID=<uuid>
 LABEL=<标签>            按文件系统标签指定设备
 UUID=<uuid>             按文件系统 UUID 指定设备
 PARTLABEL=<标签>        按分区标签指定设备
 PARTUUID=<uuid>         按分区 UUID 指定设备
 <设备>                  按路径指定设备
 <目录>                  绑定挂载的挂载点(参阅 --bind/rbind)
 <文件>                  用于设置回环设备的常规文件

操作：
 -B, --bind              挂载其他位置的子树(同 -o bind)
 -M, --move              将子树移动到其他位置
 -R, --rbind             挂载其他位置的子树及其包含的所有挂载
 --make-shared           将子树标记为 共享
 --make-slave            将子树标记为 从属
 --make-private          将子树标记为 私有
 --make-unbindable       将子树标记为 不可绑定
 --make-rshared          递归地将整个子树标记为 共享
 --make-rslave           递归地将整个子树标记为 从属
 --make-rprivate         递归地将整个子树标记为 私有
 --make-runbindable      递归地将整个子树标记为 不可绑定

更多信息请参阅 mount(8)。
```

### df

用于显示目前在 Linux 系统上的文件系统磁盘使用情况统计。

- 选项：

```
-a, --all 包含所有的具有 0 Blocks 的文件系统
--block-size={SIZE} 使用 {SIZE} 大小的 Blocks
-h, --human-readable 使用人类可读的格式(预设值是不加这个选项的...)
-H, --si 很像 -h, 但是用 1000 为单位而不是用 1024
-i, --inodes 列出 inode 资讯，不列出已使用 block
-k, --kilobytes 就像是 --block-size=1024
-l, --local 限制列出的文件结构
-m, --megabytes 就像 --block-size=1048576
--no-sync 取得资讯前不 sync (预设值)
-P, --portability 使用 POSIX 输出格式
--sync 在取得资讯前 sync
-t, --type=TYPE 限制列出文件系统的 TYPE
-T, --print-type 显示文件系统的形式
-x, --exclude-type=TYPE 限制列出文件系统不要显示 TYPE
-v (忽略)
--help 显示这个帮手并且离开
--version 输出版本资讯并且离开
```



## 参考文档

https://www.disktool.cn/content-center/linux-hard-disk-partition-369.html
